Archive member included to satisfy reference by file (symbol)

c:/intelfpga_lite/18.1/nios2eds/bin/gnu/h-x86_64-mingw32/bin/../lib/gcc/nios2-elf/5.3.0/mno-hw-mul\libgcc.a(lib2-divmod.o)
                              obj/default/hello_world_small.o (__divsi3)
c:/intelfpga_lite/18.1/nios2eds/bin/gnu/h-x86_64-mingw32/bin/../lib/gcc/nios2-elf/5.3.0/mno-hw-mul\libgcc.a(lib2-mul.o)
                              obj/default/hello_world_small.o (__mulsi3)
../s4_bsp/\libhal_bsp.a(alt_iic.o)
                              obj/default/hello_world_small.o (alt_ic_isr_register)
../s4_bsp/\libhal_bsp.a(alt_iic_isr_register.o)
                              ../s4_bsp/\libhal_bsp.a(alt_iic.o) (alt_iic_isr_register)
../s4_bsp/\libhal_bsp.a(alt_irq_entry.o)
                              ../s4_bsp/\libhal_bsp.a(alt_iic_isr_register.o) (alt_irq_entry)
../s4_bsp/\libhal_bsp.a(alt_irq_handler.o)
                              ../s4_bsp/\libhal_bsp.a(alt_iic_isr_register.o) (alt_irq_handler)
../s4_bsp/\libhal_bsp.a(alt_irq_vars.o)
                              ../s4_bsp/\libhal_bsp.a(alt_iic.o) (alt_irq_active)
../s4_bsp/\libhal_bsp.a(alt_load.o)
                              ../s4_bsp//obj/HAL/src/crt0.o (alt_load)
../s4_bsp/\libhal_bsp.a(alt_main.o)
                              ../s4_bsp//obj/HAL/src/crt0.o (alt_main)
../s4_bsp/\libhal_bsp.a(alt_putstr.o)
                              obj/default/hello_world_small.o (alt_putstr)
../s4_bsp/\libhal_bsp.a(alt_sys_init.o)
                              ../s4_bsp/\libhal_bsp.a(alt_main.o) (alt_irq_init)
../s4_bsp/\libhal_bsp.a(altera_avalon_jtag_uart_write.o)
                              ../s4_bsp/\libhal_bsp.a(alt_putstr.o) (altera_avalon_jtag_uart_write)
../s4_bsp/\libhal_bsp.a(alt_dcache_flush_all.o)
                              ../s4_bsp/\libhal_bsp.a(alt_load.o) (alt_dcache_flush_all)
../s4_bsp/\libhal_bsp.a(alt_exception_entry.o)
                              ../s4_bsp/\libhal_bsp.a(alt_irq_entry.o) (alt_exception)
../s4_bsp/\libhal_bsp.a(alt_icache_flush_all.o)
                              ../s4_bsp/\libhal_bsp.a(alt_load.o) (alt_icache_flush_all)
../s4_bsp/\libhal_bsp.a(alt_instruction_exception_entry.o)
                              ../s4_bsp/\libhal_bsp.a(alt_exception_entry.o) (alt_instruction_exception_entry)
../s4_bsp/\libhal_bsp.a(altera_nios2_gen2_irq.o)
                              ../s4_bsp/\libhal_bsp.a(alt_sys_init.o) (altera_nios2_gen2_irq_init)
c:/intelfpga_lite/18.1/nios2eds/bin/gnu/h-x86_64-mingw32/bin/../lib/gcc/nios2-elf/5.3.0/../../../../../H-x86_64-mingw32/nios2-elf/lib/mno-hw-mul\libsmallc.a(lib_a-strlen.o)
                              ../s4_bsp/\libhal_bsp.a(alt_putstr.o) (strlen)

Allocating common symbols
Common symbol       size              file

alt_irq             0x100             ../s4_bsp/\libhal_bsp.a(alt_irq_handler.o)

Memory Configuration

Name             Origin             Length             Attributes
reset            0x0000000000004000 0x0000000000000020
onchip_memory2_0 0x0000000000004020 0x0000000000003fe0
*default*        0x0000000000000000 0xffffffffffffffff

Linker script and memory map

LOAD ../s4_bsp//obj/HAL/src/crt0.o
LOAD obj/default/hello_world_small.o
LOAD c:/intelfpga_lite/18.1/nios2eds/bin/gnu/h-x86_64-mingw32/bin/../lib/gcc/nios2-elf/5.3.0/../../../../../H-x86_64-mingw32/nios2-elf/lib/mno-hw-mul\libstdc++.a
LOAD c:/intelfpga_lite/18.1/nios2eds/bin/gnu/h-x86_64-mingw32/bin/../lib/gcc/nios2-elf/5.3.0/../../../../../H-x86_64-mingw32/nios2-elf/lib/mno-hw-mul\libm.a
LOAD c:/intelfpga_lite/18.1/nios2eds/bin/gnu/h-x86_64-mingw32/bin/../lib/gcc/nios2-elf/5.3.0/mno-hw-mul\libgcc.a
START GROUP
LOAD c:/intelfpga_lite/18.1/nios2eds/bin/gnu/h-x86_64-mingw32/bin/../lib/gcc/nios2-elf/5.3.0/../../../../../H-x86_64-mingw32/nios2-elf/lib/mno-hw-mul\libsmallc.a
LOAD c:/intelfpga_lite/18.1/nios2eds/bin/gnu/h-x86_64-mingw32/bin/../lib/gcc/nios2-elf/5.3.0/mno-hw-mul\libgcc.a
LOAD ../s4_bsp/\libhal_bsp.a
LOAD c:/intelfpga_lite/18.1/nios2eds/bin/gnu/h-x86_64-mingw32/bin/../lib/gcc/nios2-elf/5.3.0/../../../../../H-x86_64-mingw32/nios2-elf/lib/mno-hw-mul\libm.a
END GROUP
LOAD c:/intelfpga_lite/18.1/nios2eds/bin/gnu/h-x86_64-mingw32/bin/../lib/gcc/nios2-elf/5.3.0/mno-hw-mul\libgcc.a
                0x0000000000004000                __alt_mem_onchip_memory2_0 = 0x4000

.entry          0x0000000000004000       0x20
 *(.entry)
 .entry         0x0000000000004000       0x20 ../s4_bsp//obj/HAL/src/crt0.o
                0x0000000000004000                __reset
                0x000000000000400c                _exit

.exceptions     0x0000000000004020      0x160
                0x0000000000004020                PROVIDE (__ram_exceptions_start, ABSOLUTE (.))
                0x0000000000004020                . = ALIGN (0x20)
 *(.irq)
 *(.exceptions.entry.label)
 .exceptions.entry.label
                0x0000000000004020        0x0 ../s4_bsp/\libhal_bsp.a(alt_irq_entry.o)
                0x0000000000004020                alt_irq_entry
 .exceptions.entry.label
                0x0000000000004020        0x0 ../s4_bsp/\libhal_bsp.a(alt_exception_entry.o)
                0x0000000000004020                alt_exception
 *(.exceptions.entry.user)
 *(.exceptions.entry.ecc_fatal)
 *(.exceptions.entry)
 .exceptions.entry
                0x0000000000004020       0x54 ../s4_bsp/\libhal_bsp.a(alt_exception_entry.o)
 *(.exceptions.irqtest.user)
 *(.exceptions.irqtest)
 .exceptions.irqtest
                0x0000000000004074       0x10 ../s4_bsp/\libhal_bsp.a(alt_irq_entry.o)
 *(.exceptions.irqhandler.user)
 *(.exceptions.irqhandler)
 .exceptions.irqhandler
                0x0000000000004084        0x4 ../s4_bsp/\libhal_bsp.a(alt_irq_entry.o)
 *(.exceptions.irqreturn.user)
 *(.exceptions.irqreturn)
 .exceptions.irqreturn
                0x0000000000004088        0x4 ../s4_bsp/\libhal_bsp.a(alt_irq_entry.o)
 *(.exceptions.notirq.label)
 .exceptions.notirq.label
                0x000000000000408c        0x0 ../s4_bsp/\libhal_bsp.a(alt_irq_entry.o)
 *(.exceptions.notirq.user)
 *(.exceptions.notirq)
 .exceptions.notirq
                0x000000000000408c        0x8 ../s4_bsp/\libhal_bsp.a(alt_exception_entry.o)
 *(.exceptions.soft.user)
 *(.exceptions.soft)
 *(.exceptions.unknown.user)
 *(.exceptions.unknown)
 .exceptions.unknown
                0x0000000000004094       0x14 ../s4_bsp/\libhal_bsp.a(alt_exception_entry.o)
 *(.exceptions.exit.label)
 .exceptions.exit.label
                0x00000000000040a8        0x0 ../s4_bsp/\libhal_bsp.a(alt_irq_entry.o)
 .exceptions.exit.label
                0x00000000000040a8        0x0 ../s4_bsp/\libhal_bsp.a(alt_exception_entry.o)
 *(.exceptions.exit.user)
 *(.exceptions.exit)
 .exceptions.exit
                0x00000000000040a8       0x54 ../s4_bsp/\libhal_bsp.a(alt_exception_entry.o)
 *(.exceptions)
 .exceptions    0x00000000000040fc       0x60 ../s4_bsp/\libhal_bsp.a(alt_irq_handler.o)
                0x00000000000040fc                alt_irq_handler
 .exceptions    0x000000000000415c       0x24 ../s4_bsp/\libhal_bsp.a(alt_instruction_exception_entry.o)
                0x000000000000415c                alt_instruction_exception_entry
                0x0000000000004180                PROVIDE (__ram_exceptions_end, ABSOLUTE (.))
                0x0000000000004020                PROVIDE (__flash_exceptions_start, LOADADDR (.exceptions))

.text           0x0000000000004180      0x870
                [!provide]                        PROVIDE (stext, ABSOLUTE (.))
 *(.interp)
 *(.hash)
 *(.dynsym)
 *(.dynstr)
 *(.gnu.version)
 *(.gnu.version_d)
 *(.gnu.version_r)
 *(.rel.init)
 *(.rela.init)
 *(.rel.text .rel.text.* .rel.gnu.linkonce.t.*)
 *(.rela.text .rela.text.* .rela.gnu.linkonce.t.*)
 *(.rel.fini)
 *(.rela.fini)
 *(.rel.rodata .rel.rodata.* .rel.gnu.linkonce.r.*)
 *(.rela.rodata .rela.rodata.* .rela.gnu.linkonce.r.*)
 *(.rel.data .rel.data.* .rel.gnu.linkonce.d.*)
 *(.rela.data .rela.data.* .rela.gnu.linkonce.d.*)
 *(.rel.tdata .rel.tdata.* .rel.gnu.linkonce.td.*)
 *(.rela.tdata .rela.tdata.* .rela.gnu.linkonce.td.*)
 *(.rel.tbss .rel.tbss.* .rel.gnu.linkonce.tb.*)
 *(.rela.tbss .rela.tbss.* .rela.gnu.linkonce.tb.*)
 *(.rel.ctors)
 *(.rela.ctors)
 *(.rel.dtors)
 *(.rela.dtors)
 *(.rel.got)
 *(.rela.got)
 *(.rel.sdata .rel.sdata.* .rel.gnu.linkonce.s.*)
 *(.rela.sdata .rela.sdata.* .rela.gnu.linkonce.s.*)
 *(.rel.sbss .rel.sbss.* .rel.gnu.linkonce.sb.*)
 *(.rela.sbss .rela.sbss.* .rela.gnu.linkonce.sb.*)
 *(.rel.sdata2 .rel.sdata2.* .rel.gnu.linkonce.s2.*)
 *(.rela.sdata2 .rela.sdata2.* .rela.gnu.linkonce.s2.*)
 *(.rel.sbss2 .rel.sbss2.* .rel.gnu.linkonce.sb2.*)
 *(.rela.sbss2 .rela.sbss2.* .rela.gnu.linkonce.sb2.*)
 *(.rel.bss .rel.bss.* .rel.gnu.linkonce.b.*)
 *(.rela.bss .rela.bss.* .rela.gnu.linkonce.b.*)
 *(.rel.plt)
 *(.rela.plt)
 *(.rel.dyn)
 *(.init)
 *(.plt)
 *(.text .stub .text.* .gnu.linkonce.t.*)
 .text          0x0000000000004180       0x3c ../s4_bsp//obj/HAL/src/crt0.o
                0x0000000000004180                _start
 .text          0x00000000000041bc      0x30c obj/default/hello_world_small.o
                0x0000000000004324                init_timer_interrupt
                0x0000000000004360                read_timer_interval
                0x000000000000436c                cycle_per_state
                0x0000000000004378                display_7seg
                0x000000000000443c                find_primes
                0x00000000000044a4                convert_to_7seg
 .text.startup  0x00000000000044c8       0x1c obj/default/hello_world_small.o
                0x00000000000044c8                main
 .text          0x00000000000044e4      0x1b4 c:/intelfpga_lite/18.1/nios2eds/bin/gnu/h-x86_64-mingw32/bin/../lib/gcc/nios2-elf/5.3.0/mno-hw-mul\libgcc.a(lib2-divmod.o)
                0x00000000000044e4                __divsi3
                0x0000000000004568                __modsi3
                0x00000000000045dc                __udivsi3
                0x0000000000004640                __umodsi3
 .text          0x0000000000004698       0x28 c:/intelfpga_lite/18.1/nios2eds/bin/gnu/h-x86_64-mingw32/bin/../lib/gcc/nios2-elf/5.3.0/mno-hw-mul\libgcc.a(lib2-mul.o)
                0x0000000000004698                __mulsi3
 .text          0x00000000000046c0       0x8c ../s4_bsp/\libhal_bsp.a(alt_iic.o)
                0x00000000000046c0                alt_ic_isr_register
                0x00000000000046c4                alt_ic_irq_enable
                0x00000000000046fc                alt_ic_irq_disable
                0x0000000000004734                alt_ic_irq_enabled
 .text          0x000000000000474c       0x68 ../s4_bsp/\libhal_bsp.a(alt_iic_isr_register.o)
                0x000000000000474c                alt_iic_isr_register
 .text          0x00000000000047b4        0x0 ../s4_bsp/\libhal_bsp.a(alt_irq_entry.o)
 .text          0x00000000000047b4        0x0 ../s4_bsp/\libhal_bsp.a(alt_irq_handler.o)
 .text          0x00000000000047b4        0x0 ../s4_bsp/\libhal_bsp.a(alt_irq_vars.o)
 .text          0x00000000000047b4       0xe0 ../s4_bsp/\libhal_bsp.a(alt_load.o)
                0x00000000000047b4                alt_load
 .text          0x0000000000004894       0x2c ../s4_bsp/\libhal_bsp.a(alt_main.o)
                0x0000000000004894                alt_main
 .text          0x00000000000048c0       0x38 ../s4_bsp/\libhal_bsp.a(alt_putstr.o)
                0x00000000000048c0                alt_putstr
 .text          0x00000000000048f8       0x24 ../s4_bsp/\libhal_bsp.a(alt_sys_init.o)
                0x00000000000048f8                alt_irq_init
                0x0000000000004918                alt_sys_init
 .text          0x000000000000491c       0x34 ../s4_bsp/\libhal_bsp.a(altera_avalon_jtag_uart_write.o)
                0x000000000000491c                altera_avalon_jtag_uart_write
 .text          0x0000000000004950        0x4 ../s4_bsp/\libhal_bsp.a(alt_dcache_flush_all.o)
                0x0000000000004950                alt_dcache_flush_all
 .text          0x0000000000004954        0x0 ../s4_bsp/\libhal_bsp.a(alt_exception_entry.o)
 .text          0x0000000000004954        0x4 ../s4_bsp/\libhal_bsp.a(alt_icache_flush_all.o)
                0x0000000000004954                alt_icache_flush_all
 .text          0x0000000000004958       0x74 ../s4_bsp/\libhal_bsp.a(alt_instruction_exception_entry.o)
                0x0000000000004958                alt_exception_cause_generated_bad_addr
 .text          0x00000000000049cc        0x8 ../s4_bsp/\libhal_bsp.a(altera_nios2_gen2_irq.o)
                0x00000000000049cc                altera_nios2_gen2_irq_init
 .text          0x00000000000049d4        0x0 c:/intelfpga_lite/18.1/nios2eds/bin/gnu/h-x86_64-mingw32/bin/../lib/gcc/nios2-elf/5.3.0/../../../../../H-x86_64-mingw32/nios2-elf/lib/mno-hw-mul\libsmallc.a(lib_a-strlen.o)
 .text.strlen   0x00000000000049d4       0x1c c:/intelfpga_lite/18.1/nios2eds/bin/gnu/h-x86_64-mingw32/bin/../lib/gcc/nios2-elf/5.3.0/../../../../../H-x86_64-mingw32/nios2-elf/lib/mno-hw-mul\libsmallc.a(lib_a-strlen.o)
                0x00000000000049d4                strlen
 *(.gnu.warning.*)
 *(.fini)
                [!provide]                        PROVIDE (__etext, ABSOLUTE (.))
                [!provide]                        PROVIDE (_etext, ABSOLUTE (.))
                [!provide]                        PROVIDE (etext, ABSOLUTE (.))
 *(.eh_frame_hdr)
                0x00000000000049f0                . = ALIGN (0x4)
                [!provide]                        PROVIDE (__preinit_array_start, ABSOLUTE (.))
 *(.preinit_array)
                [!provide]                        PROVIDE (__preinit_array_end, ABSOLUTE (.))
                [!provide]                        PROVIDE (__init_array_start, ABSOLUTE (.))
 *(.init_array)
                [!provide]                        PROVIDE (__init_array_end, ABSOLUTE (.))
                [!provide]                        PROVIDE (__fini_array_start, ABSOLUTE (.))
 *(.fini_array)
                [!provide]                        PROVIDE (__fini_array_end, ABSOLUTE (.))
 *(.eh_frame)
 *(.gcc_except_table .gcc_except_table.*)
 *(.dynamic)
                [!provide]                        PROVIDE (__CTOR_LIST__, ABSOLUTE (.))
 *(.ctors)
 *(SORT(.ctors.*))
                [!provide]                        PROVIDE (__CTOR_END__, ABSOLUTE (.))
                [!provide]                        PROVIDE (__DTOR_LIST__, ABSOLUTE (.))
 *(.dtors)
 *(SORT(.dtors.*))
                [!provide]                        PROVIDE (__DTOR_END__, ABSOLUTE (.))
 *(.jcr)
                0x00000000000049f0                . = ALIGN (0x4)

.rodata         0x00000000000049f0       0x24
                0x00000000000049f0                PROVIDE (__ram_rodata_start, ABSOLUTE (.))
                0x00000000000049f0                . = ALIGN (0x4)
 *(.rodata .rodata.* .gnu.linkonce.r.*)
 .rodata.str1.4
                0x00000000000049f0       0x18 obj/default/hello_world_small.o
                                         0x15 (size before relaxing)
 .rodata        0x0000000000004a08        0xa obj/default/hello_world_small.o
 *(.rodata1)
                0x0000000000004a14                . = ALIGN (0x4)
 *fill*         0x0000000000004a12        0x2 
                0x0000000000004a14                PROVIDE (__ram_rodata_end, ABSOLUTE (.))
                0x00000000000049f0                PROVIDE (__flash_rodata_start, LOADADDR (.rodata))

.rwdata         0x0000000000004a14       0x10 load address 0x0000000000004a24
                0x0000000000004a14                PROVIDE (__ram_rwdata_start, ABSOLUTE (.))
                0x0000000000004a14                . = ALIGN (0x4)
 *(.got.plt)
 *(.got)
 *(.data1)
 *(.data .data.* .gnu.linkonce.d.*)
 .data          0x0000000000004a14        0x0 ../s4_bsp//obj/HAL/src/crt0.o
 .data          0x0000000000004a14        0x0 obj/default/hello_world_small.o
 .data          0x0000000000004a14        0x0 c:/intelfpga_lite/18.1/nios2eds/bin/gnu/h-x86_64-mingw32/bin/../lib/gcc/nios2-elf/5.3.0/mno-hw-mul\libgcc.a(lib2-divmod.o)
 .data          0x0000000000004a14        0x0 c:/intelfpga_lite/18.1/nios2eds/bin/gnu/h-x86_64-mingw32/bin/../lib/gcc/nios2-elf/5.3.0/mno-hw-mul\libgcc.a(lib2-mul.o)
 .data          0x0000000000004a14        0x0 ../s4_bsp/\libhal_bsp.a(alt_iic.o)
 .data          0x0000000000004a14        0x0 ../s4_bsp/\libhal_bsp.a(alt_iic_isr_register.o)
 .data          0x0000000000004a14        0x0 ../s4_bsp/\libhal_bsp.a(alt_irq_entry.o)
 .data          0x0000000000004a14        0x0 ../s4_bsp/\libhal_bsp.a(alt_irq_handler.o)
 .data          0x0000000000004a14        0x0 ../s4_bsp/\libhal_bsp.a(alt_irq_vars.o)
 .data          0x0000000000004a14        0x0 ../s4_bsp/\libhal_bsp.a(alt_load.o)
 .data          0x0000000000004a14        0x0 ../s4_bsp/\libhal_bsp.a(alt_main.o)
 .data          0x0000000000004a14        0x0 ../s4_bsp/\libhal_bsp.a(alt_putstr.o)
 .data          0x0000000000004a14        0x0 ../s4_bsp/\libhal_bsp.a(alt_sys_init.o)
 .data          0x0000000000004a14        0x0 ../s4_bsp/\libhal_bsp.a(altera_avalon_jtag_uart_write.o)
 .data          0x0000000000004a14        0x0 ../s4_bsp/\libhal_bsp.a(alt_dcache_flush_all.o)
 .data          0x0000000000004a14        0x0 ../s4_bsp/\libhal_bsp.a(alt_exception_entry.o)
 .data          0x0000000000004a14        0x0 ../s4_bsp/\libhal_bsp.a(alt_icache_flush_all.o)
 .data          0x0000000000004a14        0x0 ../s4_bsp/\libhal_bsp.a(alt_instruction_exception_entry.o)
 .data          0x0000000000004a14        0x0 ../s4_bsp/\libhal_bsp.a(altera_nios2_gen2_irq.o)
 .data          0x0000000000004a14        0x0 c:/intelfpga_lite/18.1/nios2eds/bin/gnu/h-x86_64-mingw32/bin/../lib/gcc/nios2-elf/5.3.0/../../../../../H-x86_64-mingw32/nios2-elf/lib/mno-hw-mul\libsmallc.a(lib_a-strlen.o)
                0x000000000000ca14                _gp = ABSOLUTE ((. + 0x8000))
                [!provide]                        PROVIDE (gp, _gp)
 *(.rwdata .rwdata.*)
 *(.sdata .sdata.* .gnu.linkonce.s.*)
 .sdata         0x0000000000004a14        0x8 obj/default/hello_world_small.o
                0x0000000000004a14                led_on
                0x0000000000004a18                up
 .sdata         0x0000000000004a1c        0x4 ../s4_bsp/\libhal_bsp.a(alt_irq_vars.o)
                0x0000000000004a1c                alt_priority_mask
 .sdata         0x0000000000004a20        0x4 ../s4_bsp/\libhal_bsp.a(alt_sys_init.o)
                0x0000000000004a20                jtag_uart_0
 *(.sdata2 .sdata2.* .gnu.linkonce.s2.*)
                0x0000000000004a24                . = ALIGN (0x4)
                0x0000000000004a24                _edata = ABSOLUTE (.)
                [!provide]                        PROVIDE (edata, ABSOLUTE (.))
                0x0000000000004a24                PROVIDE (__ram_rwdata_end, ABSOLUTE (.))
                0x0000000000004a24                PROVIDE (__flash_rwdata_start, LOADADDR (.rwdata))

.bss            0x0000000000004a34      0x120
                0x0000000000004a34                __bss_start = ABSOLUTE (.)
                [!provide]                        PROVIDE (__sbss_start, ABSOLUTE (.))
                [!provide]                        PROVIDE (___sbss_start, ABSOLUTE (.))
 *(.dynsbss)
 *(.sbss .sbss.* .gnu.linkonce.sb.*)
 .sbss          0x0000000000004a34        0xc obj/default/hello_world_small.o
                0x0000000000004a34                duty_cycle_state
                0x0000000000004a38                interrupt_count
                0x0000000000004a3c                mode
 .sbss          0x0000000000004a40        0x4 ../s4_bsp/\libhal_bsp.a(alt_irq_vars.o)
                0x0000000000004a40                alt_irq_active
 .sbss          0x0000000000004a44        0xc ../s4_bsp/\libhal_bsp.a(alt_main.o)
                0x0000000000004a44                alt_envp
                0x0000000000004a48                alt_argv
                0x0000000000004a4c                alt_argc
 .sbss          0x0000000000004a50        0x4 ../s4_bsp/\libhal_bsp.a(alt_instruction_exception_entry.o)
                0x0000000000004a50                alt_instruction_exception_handler
 *(.sbss2 .sbss2.* .gnu.linkonce.sb2.*)
 *(.scommon)
                [!provide]                        PROVIDE (__sbss_end, ABSOLUTE (.))
                [!provide]                        PROVIDE (___sbss_end, ABSOLUTE (.))
 *(.dynbss)
 *(.bss .bss.* .gnu.linkonce.b.*)
 .bss           0x0000000000004a54        0x0 ../s4_bsp//obj/HAL/src/crt0.o
 .bss           0x0000000000004a54        0x0 obj/default/hello_world_small.o
 .bss           0x0000000000004a54        0x0 c:/intelfpga_lite/18.1/nios2eds/bin/gnu/h-x86_64-mingw32/bin/../lib/gcc/nios2-elf/5.3.0/mno-hw-mul\libgcc.a(lib2-divmod.o)
 .bss           0x0000000000004a54        0x0 c:/intelfpga_lite/18.1/nios2eds/bin/gnu/h-x86_64-mingw32/bin/../lib/gcc/nios2-elf/5.3.0/mno-hw-mul\libgcc.a(lib2-mul.o)
 .bss           0x0000000000004a54        0x0 ../s4_bsp/\libhal_bsp.a(alt_iic.o)
 .bss           0x0000000000004a54        0x0 ../s4_bsp/\libhal_bsp.a(alt_iic_isr_register.o)
 .bss           0x0000000000004a54        0x0 ../s4_bsp/\libhal_bsp.a(alt_irq_entry.o)
 .bss           0x0000000000004a54        0x0 ../s4_bsp/\libhal_bsp.a(alt_irq_handler.o)
 .bss           0x0000000000004a54        0x0 ../s4_bsp/\libhal_bsp.a(alt_irq_vars.o)
 .bss           0x0000000000004a54        0x0 ../s4_bsp/\libhal_bsp.a(alt_load.o)
 .bss           0x0000000000004a54        0x0 ../s4_bsp/\libhal_bsp.a(alt_main.o)
 .bss           0x0000000000004a54        0x0 ../s4_bsp/\libhal_bsp.a(alt_putstr.o)
 .bss           0x0000000000004a54        0x0 ../s4_bsp/\libhal_bsp.a(alt_sys_init.o)
 .bss           0x0000000000004a54        0x0 ../s4_bsp/\libhal_bsp.a(altera_avalon_jtag_uart_write.o)
 .bss           0x0000000000004a54        0x0 ../s4_bsp/\libhal_bsp.a(alt_dcache_flush_all.o)
 .bss           0x0000000000004a54        0x0 ../s4_bsp/\libhal_bsp.a(alt_exception_entry.o)
 .bss           0x0000000000004a54        0x0 ../s4_bsp/\libhal_bsp.a(alt_icache_flush_all.o)
 .bss           0x0000000000004a54        0x0 ../s4_bsp/\libhal_bsp.a(alt_instruction_exception_entry.o)
 .bss           0x0000000000004a54        0x0 ../s4_bsp/\libhal_bsp.a(altera_nios2_gen2_irq.o)
 .bss           0x0000000000004a54        0x0 c:/intelfpga_lite/18.1/nios2eds/bin/gnu/h-x86_64-mingw32/bin/../lib/gcc/nios2-elf/5.3.0/../../../../../H-x86_64-mingw32/nios2-elf/lib/mno-hw-mul\libsmallc.a(lib_a-strlen.o)
 *(COMMON)
 COMMON         0x0000000000004a54      0x100 ../s4_bsp/\libhal_bsp.a(alt_irq_handler.o)
                0x0000000000004a54                alt_irq
                0x0000000000004b54                . = ALIGN (0x4)
                0x0000000000004b54                __bss_end = ABSOLUTE (.)

.onchip_memory2_0
                0x0000000000004b54        0x0
                [!provide]                        PROVIDE (_alt_partition_onchip_memory2_0_start, ABSOLUTE (.))
 *(.onchip_memory2_0 .onchip_memory2_0. onchip_memory2_0.*)
                0x0000000000004b54                . = ALIGN (0x4)
                [!provide]                        PROVIDE (_alt_partition_onchip_memory2_0_end, ABSOLUTE (.))
                0x0000000000004b54                _end = ABSOLUTE (.)
                0x0000000000004b54                end = ABSOLUTE (.)
                0x0000000000004b54                __alt_stack_base = ABSOLUTE (.)
                [!provide]                        PROVIDE (_alt_partition_onchip_memory2_0_load_addr, LOADADDR (.onchip_memory2_0))

.stab
 *(.stab)

.stabstr
 *(.stabstr)

.stab.excl
 *(.stab.excl)

.stab.exclstr
 *(.stab.exclstr)

.stab.index
 *(.stab.index)

.stab.indexstr
 *(.stab.indexstr)

.comment        0x0000000000000000       0x23
 *(.comment)
 .comment       0x0000000000000000       0x23 obj/default/hello_world_small.o
                                         0x24 (size before relaxing)
 .comment       0x0000000000000023       0x24 c:/intelfpga_lite/18.1/nios2eds/bin/gnu/h-x86_64-mingw32/bin/../lib/gcc/nios2-elf/5.3.0/mno-hw-mul\libgcc.a(lib2-divmod.o)
 .comment       0x0000000000000023       0x24 c:/intelfpga_lite/18.1/nios2eds/bin/gnu/h-x86_64-mingw32/bin/../lib/gcc/nios2-elf/5.3.0/mno-hw-mul\libgcc.a(lib2-mul.o)
 .comment       0x0000000000000023       0x24 ../s4_bsp/\libhal_bsp.a(alt_iic.o)
 .comment       0x0000000000000023       0x24 ../s4_bsp/\libhal_bsp.a(alt_iic_isr_register.o)
 .comment       0x0000000000000023       0x24 ../s4_bsp/\libhal_bsp.a(alt_irq_handler.o)
 .comment       0x0000000000000023       0x24 ../s4_bsp/\libhal_bsp.a(alt_irq_vars.o)
 .comment       0x0000000000000023       0x24 ../s4_bsp/\libhal_bsp.a(alt_load.o)
 .comment       0x0000000000000023       0x24 ../s4_bsp/\libhal_bsp.a(alt_main.o)
 .comment       0x0000000000000023       0x24 ../s4_bsp/\libhal_bsp.a(alt_putstr.o)
 .comment       0x0000000000000023       0x24 ../s4_bsp/\libhal_bsp.a(alt_sys_init.o)
 .comment       0x0000000000000023       0x24 ../s4_bsp/\libhal_bsp.a(altera_avalon_jtag_uart_write.o)
 .comment       0x0000000000000023       0x24 ../s4_bsp/\libhal_bsp.a(alt_dcache_flush_all.o)
 .comment       0x0000000000000023       0x24 ../s4_bsp/\libhal_bsp.a(alt_icache_flush_all.o)
 .comment       0x0000000000000023       0x24 ../s4_bsp/\libhal_bsp.a(alt_instruction_exception_entry.o)
 .comment       0x0000000000000023       0x24 ../s4_bsp/\libhal_bsp.a(altera_nios2_gen2_irq.o)
 .comment       0x0000000000000023       0x24 c:/intelfpga_lite/18.1/nios2eds/bin/gnu/h-x86_64-mingw32/bin/../lib/gcc/nios2-elf/5.3.0/../../../../../H-x86_64-mingw32/nios2-elf/lib/mno-hw-mul\libsmallc.a(lib_a-strlen.o)

.debug
 *(.debug)

.line
 *(.line)

.debug_srcinfo
 *(.debug_srcinfo)

.debug_sfnames
 *(.debug_sfnames)

.debug_aranges  0x0000000000000000      0x2b8
 *(.debug_aranges)
 .debug_aranges
                0x0000000000000000       0x28 ../s4_bsp//obj/HAL/src/crt0.o
 .debug_aranges
                0x0000000000000028       0x28 obj/default/hello_world_small.o
 .debug_aranges
                0x0000000000000050       0x20 c:/intelfpga_lite/18.1/nios2eds/bin/gnu/h-x86_64-mingw32/bin/../lib/gcc/nios2-elf/5.3.0/mno-hw-mul\libgcc.a(lib2-divmod.o)
 .debug_aranges
                0x0000000000000070       0x20 c:/intelfpga_lite/18.1/nios2eds/bin/gnu/h-x86_64-mingw32/bin/../lib/gcc/nios2-elf/5.3.0/mno-hw-mul\libgcc.a(lib2-mul.o)
 .debug_aranges
                0x0000000000000090       0x20 ../s4_bsp/\libhal_bsp.a(alt_iic.o)
 .debug_aranges
                0x00000000000000b0       0x20 ../s4_bsp/\libhal_bsp.a(alt_iic_isr_register.o)
 .debug_aranges
                0x00000000000000d0       0x30 ../s4_bsp/\libhal_bsp.a(alt_irq_entry.o)
 .debug_aranges
                0x0000000000000100       0x20 ../s4_bsp/\libhal_bsp.a(alt_irq_handler.o)
 .debug_aranges
                0x0000000000000120       0x18 ../s4_bsp/\libhal_bsp.a(alt_irq_vars.o)
 .debug_aranges
                0x0000000000000138       0x20 ../s4_bsp/\libhal_bsp.a(alt_load.o)
 .debug_aranges
                0x0000000000000158       0x20 ../s4_bsp/\libhal_bsp.a(alt_main.o)
 .debug_aranges
                0x0000000000000178       0x20 ../s4_bsp/\libhal_bsp.a(alt_putstr.o)
 .debug_aranges
                0x0000000000000198       0x20 ../s4_bsp/\libhal_bsp.a(alt_sys_init.o)
 .debug_aranges
                0x00000000000001b8       0x20 ../s4_bsp/\libhal_bsp.a(altera_avalon_jtag_uart_write.o)
 .debug_aranges
                0x00000000000001d8       0x20 ../s4_bsp/\libhal_bsp.a(alt_dcache_flush_all.o)
 .debug_aranges
                0x00000000000001f8       0x38 ../s4_bsp/\libhal_bsp.a(alt_exception_entry.o)
 .debug_aranges
                0x0000000000000230       0x20 ../s4_bsp/\libhal_bsp.a(alt_icache_flush_all.o)
 .debug_aranges
                0x0000000000000250       0x28 ../s4_bsp/\libhal_bsp.a(alt_instruction_exception_entry.o)
 .debug_aranges
                0x0000000000000278       0x20 ../s4_bsp/\libhal_bsp.a(altera_nios2_gen2_irq.o)
 .debug_aranges
                0x0000000000000298       0x20 c:/intelfpga_lite/18.1/nios2eds/bin/gnu/h-x86_64-mingw32/bin/../lib/gcc/nios2-elf/5.3.0/../../../../../H-x86_64-mingw32/nios2-elf/lib/mno-hw-mul\libsmallc.a(lib_a-strlen.o)

.debug_pubnames
 *(.debug_pubnames)

.debug_info     0x0000000000000000     0x1d66
 *(.debug_info .gnu.linkonce.wi.*)
 .debug_info    0x0000000000000000       0x78 ../s4_bsp//obj/HAL/src/crt0.o
 .debug_info    0x0000000000000078      0x488 obj/default/hello_world_small.o
 .debug_info    0x0000000000000500      0x2c6 c:/intelfpga_lite/18.1/nios2eds/bin/gnu/h-x86_64-mingw32/bin/../lib/gcc/nios2-elf/5.3.0/mno-hw-mul\libgcc.a(lib2-divmod.o)
 .debug_info    0x00000000000007c6       0xb4 c:/intelfpga_lite/18.1/nios2eds/bin/gnu/h-x86_64-mingw32/bin/../lib/gcc/nios2-elf/5.3.0/mno-hw-mul\libgcc.a(lib2-mul.o)
 .debug_info    0x000000000000087a      0x38a ../s4_bsp/\libhal_bsp.a(alt_iic.o)
 .debug_info    0x0000000000000c04      0x232 ../s4_bsp/\libhal_bsp.a(alt_iic_isr_register.o)
 .debug_info    0x0000000000000e36       0x81 ../s4_bsp/\libhal_bsp.a(alt_irq_entry.o)
 .debug_info    0x0000000000000eb7      0x184 ../s4_bsp/\libhal_bsp.a(alt_irq_handler.o)
 .debug_info    0x000000000000103b       0x88 ../s4_bsp/\libhal_bsp.a(alt_irq_vars.o)
 .debug_info    0x00000000000010c3      0x1c9 ../s4_bsp/\libhal_bsp.a(alt_load.o)
 .debug_info    0x000000000000128c      0x169 ../s4_bsp/\libhal_bsp.a(alt_main.o)
 .debug_info    0x00000000000013f5      0x13a ../s4_bsp/\libhal_bsp.a(alt_putstr.o)
 .debug_info    0x000000000000152f      0x19d ../s4_bsp/\libhal_bsp.a(alt_sys_init.o)
 .debug_info    0x00000000000016cc      0x197 ../s4_bsp/\libhal_bsp.a(altera_avalon_jtag_uart_write.o)
 .debug_info    0x0000000000001863       0x92 ../s4_bsp/\libhal_bsp.a(alt_dcache_flush_all.o)
 .debug_info    0x00000000000018f5       0x87 ../s4_bsp/\libhal_bsp.a(alt_exception_entry.o)
 .debug_info    0x000000000000197c       0x92 ../s4_bsp/\libhal_bsp.a(alt_icache_flush_all.o)
 .debug_info    0x0000000000001a0e      0x1fd ../s4_bsp/\libhal_bsp.a(alt_instruction_exception_entry.o)
 .debug_info    0x0000000000001c0b       0x92 ../s4_bsp/\libhal_bsp.a(altera_nios2_gen2_irq.o)
 .debug_info    0x0000000000001c9d       0xc9 c:/intelfpga_lite/18.1/nios2eds/bin/gnu/h-x86_64-mingw32/bin/../lib/gcc/nios2-elf/5.3.0/../../../../../H-x86_64-mingw32/nios2-elf/lib/mno-hw-mul\libsmallc.a(lib_a-strlen.o)

.debug_abbrev   0x0000000000000000      0xf96
 *(.debug_abbrev)
 .debug_abbrev  0x0000000000000000       0x12 ../s4_bsp//obj/HAL/src/crt0.o
 .debug_abbrev  0x0000000000000012      0x29f obj/default/hello_world_small.o
 .debug_abbrev  0x00000000000002b1      0x10e c:/intelfpga_lite/18.1/nios2eds/bin/gnu/h-x86_64-mingw32/bin/../lib/gcc/nios2-elf/5.3.0/mno-hw-mul\libgcc.a(lib2-divmod.o)
 .debug_abbrev  0x00000000000003bf       0x6f c:/intelfpga_lite/18.1/nios2eds/bin/gnu/h-x86_64-mingw32/bin/../lib/gcc/nios2-elf/5.3.0/mno-hw-mul\libgcc.a(lib2-mul.o)
 .debug_abbrev  0x000000000000042e      0x1a0 ../s4_bsp/\libhal_bsp.a(alt_iic.o)
 .debug_abbrev  0x00000000000005ce      0x19c ../s4_bsp/\libhal_bsp.a(alt_iic_isr_register.o)
 .debug_abbrev  0x000000000000076a       0x12 ../s4_bsp/\libhal_bsp.a(alt_irq_entry.o)
 .debug_abbrev  0x000000000000077c      0x120 ../s4_bsp/\libhal_bsp.a(alt_irq_handler.o)
 .debug_abbrev  0x000000000000089c       0x40 ../s4_bsp/\libhal_bsp.a(alt_irq_vars.o)
 .debug_abbrev  0x00000000000008dc       0xd8 ../s4_bsp/\libhal_bsp.a(alt_load.o)
 .debug_abbrev  0x00000000000009b4       0xee ../s4_bsp/\libhal_bsp.a(alt_main.o)
 .debug_abbrev  0x0000000000000aa2       0xd3 ../s4_bsp/\libhal_bsp.a(alt_putstr.o)
 .debug_abbrev  0x0000000000000b75      0x10e ../s4_bsp/\libhal_bsp.a(alt_sys_init.o)
 .debug_abbrev  0x0000000000000c83       0xd5 ../s4_bsp/\libhal_bsp.a(altera_avalon_jtag_uart_write.o)
 .debug_abbrev  0x0000000000000d58       0x42 ../s4_bsp/\libhal_bsp.a(alt_dcache_flush_all.o)
 .debug_abbrev  0x0000000000000d9a       0x12 ../s4_bsp/\libhal_bsp.a(alt_exception_entry.o)
 .debug_abbrev  0x0000000000000dac       0x42 ../s4_bsp/\libhal_bsp.a(alt_icache_flush_all.o)
 .debug_abbrev  0x0000000000000dee       0xe7 ../s4_bsp/\libhal_bsp.a(alt_instruction_exception_entry.o)
 .debug_abbrev  0x0000000000000ed5       0x42 ../s4_bsp/\libhal_bsp.a(altera_nios2_gen2_irq.o)
 .debug_abbrev  0x0000000000000f17       0x7f c:/intelfpga_lite/18.1/nios2eds/bin/gnu/h-x86_64-mingw32/bin/../lib/gcc/nios2-elf/5.3.0/../../../../../H-x86_64-mingw32/nios2-elf/lib/mno-hw-mul\libsmallc.a(lib_a-strlen.o)

.debug_line     0x0000000000000000      0xe1e
 *(.debug_line)
 .debug_line    0x0000000000000000       0x66 ../s4_bsp//obj/HAL/src/crt0.o
 .debug_line    0x0000000000000066      0x147 obj/default/hello_world_small.o
 .debug_line    0x00000000000001ad      0x105 c:/intelfpga_lite/18.1/nios2eds/bin/gnu/h-x86_64-mingw32/bin/../lib/gcc/nios2-elf/5.3.0/mno-hw-mul\libgcc.a(lib2-divmod.o)
 .debug_line    0x00000000000002b2       0x80 c:/intelfpga_lite/18.1/nios2eds/bin/gnu/h-x86_64-mingw32/bin/../lib/gcc/nios2-elf/5.3.0/mno-hw-mul\libgcc.a(lib2-mul.o)
 .debug_line    0x0000000000000332       0xf1 ../s4_bsp/\libhal_bsp.a(alt_iic.o)
 .debug_line    0x0000000000000423       0xd6 ../s4_bsp/\libhal_bsp.a(alt_iic_isr_register.o)
 .debug_line    0x00000000000004f9       0x6b ../s4_bsp/\libhal_bsp.a(alt_irq_entry.o)
 .debug_line    0x0000000000000564       0xa5 ../s4_bsp/\libhal_bsp.a(alt_irq_handler.o)
 .debug_line    0x0000000000000609       0x50 ../s4_bsp/\libhal_bsp.a(alt_irq_vars.o)
 .debug_line    0x0000000000000659       0xa4 ../s4_bsp/\libhal_bsp.a(alt_load.o)
 .debug_line    0x00000000000006fd       0xbd ../s4_bsp/\libhal_bsp.a(alt_main.o)
 .debug_line    0x00000000000007ba       0xa0 ../s4_bsp/\libhal_bsp.a(alt_putstr.o)
 .debug_line    0x000000000000085a      0x11a ../s4_bsp/\libhal_bsp.a(alt_sys_init.o)
 .debug_line    0x0000000000000974       0xf0 ../s4_bsp/\libhal_bsp.a(altera_avalon_jtag_uart_write.o)
 .debug_line    0x0000000000000a64       0x4e ../s4_bsp/\libhal_bsp.a(alt_dcache_flush_all.o)
 .debug_line    0x0000000000000ab2       0xb3 ../s4_bsp/\libhal_bsp.a(alt_exception_entry.o)
 .debug_line    0x0000000000000b65       0x4e ../s4_bsp/\libhal_bsp.a(alt_icache_flush_all.o)
 .debug_line    0x0000000000000bb3       0xbf ../s4_bsp/\libhal_bsp.a(alt_instruction_exception_entry.o)
 .debug_line    0x0000000000000c72       0x50 ../s4_bsp/\libhal_bsp.a(altera_nios2_gen2_irq.o)
 .debug_line    0x0000000000000cc2      0x15c c:/intelfpga_lite/18.1/nios2eds/bin/gnu/h-x86_64-mingw32/bin/../lib/gcc/nios2-elf/5.3.0/../../../../../H-x86_64-mingw32/nios2-elf/lib/mno-hw-mul\libsmallc.a(lib_a-strlen.o)

.debug_frame    0x0000000000000000      0x3c4
 *(.debug_frame)
 .debug_frame   0x0000000000000000      0x108 obj/default/hello_world_small.o
 .debug_frame   0x0000000000000108       0x50 c:/intelfpga_lite/18.1/nios2eds/bin/gnu/h-x86_64-mingw32/bin/../lib/gcc/nios2-elf/5.3.0/mno-hw-mul\libgcc.a(lib2-divmod.o)
 .debug_frame   0x0000000000000158       0x20 c:/intelfpga_lite/18.1/nios2eds/bin/gnu/h-x86_64-mingw32/bin/../lib/gcc/nios2-elf/5.3.0/mno-hw-mul\libgcc.a(lib2-mul.o)
 .debug_frame   0x0000000000000178       0x50 ../s4_bsp/\libhal_bsp.a(alt_iic.o)
 .debug_frame   0x00000000000001c8       0x30 ../s4_bsp/\libhal_bsp.a(alt_iic_isr_register.o)
 .debug_frame   0x00000000000001f8       0x34 ../s4_bsp/\libhal_bsp.a(alt_irq_handler.o)
 .debug_frame   0x000000000000022c       0x30 ../s4_bsp/\libhal_bsp.a(alt_load.o)
 .debug_frame   0x000000000000025c       0x2c ../s4_bsp/\libhal_bsp.a(alt_main.o)
 .debug_frame   0x0000000000000288       0x30 ../s4_bsp/\libhal_bsp.a(alt_putstr.o)
 .debug_frame   0x00000000000002b8       0x3c ../s4_bsp/\libhal_bsp.a(alt_sys_init.o)
 .debug_frame   0x00000000000002f4       0x20 ../s4_bsp/\libhal_bsp.a(altera_avalon_jtag_uart_write.o)
 .debug_frame   0x0000000000000314       0x20 ../s4_bsp/\libhal_bsp.a(alt_dcache_flush_all.o)
 .debug_frame   0x0000000000000334       0x20 ../s4_bsp/\libhal_bsp.a(alt_icache_flush_all.o)
 .debug_frame   0x0000000000000354       0x30 ../s4_bsp/\libhal_bsp.a(alt_instruction_exception_entry.o)
 .debug_frame   0x0000000000000384       0x20 ../s4_bsp/\libhal_bsp.a(altera_nios2_gen2_irq.o)
 .debug_frame   0x00000000000003a4       0x20 c:/intelfpga_lite/18.1/nios2eds/bin/gnu/h-x86_64-mingw32/bin/../lib/gcc/nios2-elf/5.3.0/../../../../../H-x86_64-mingw32/nios2-elf/lib/mno-hw-mul\libsmallc.a(lib_a-strlen.o)

.debug_str      0x0000000000000000      0xeb6
 *(.debug_str)
 .debug_str     0x0000000000000000      0x211 obj/default/hello_world_small.o
                                        0x25c (size before relaxing)
 .debug_str     0x0000000000000211      0x187 c:/intelfpga_lite/18.1/nios2eds/bin/gnu/h-x86_64-mingw32/bin/../lib/gcc/nios2-elf/5.3.0/mno-hw-mul\libgcc.a(lib2-divmod.o)
                                        0x1d2 (size before relaxing)
 .debug_str     0x0000000000000398       0x40 c:/intelfpga_lite/18.1/nios2eds/bin/gnu/h-x86_64-mingw32/bin/../lib/gcc/nios2-elf/5.3.0/mno-hw-mul\libgcc.a(lib2-mul.o)
                                        0x193 (size before relaxing)
 .debug_str     0x00000000000003d8      0x146 ../s4_bsp/\libhal_bsp.a(alt_iic.o)
                                        0x25d (size before relaxing)
 .debug_str     0x000000000000051e       0x37 ../s4_bsp/\libhal_bsp.a(alt_iic_isr_register.o)
                                        0x217 (size before relaxing)
 .debug_str     0x0000000000000555       0x3a ../s4_bsp/\libhal_bsp.a(alt_irq_handler.o)
                                        0x1a1 (size before relaxing)
 .debug_str     0x000000000000058f       0x17 ../s4_bsp/\libhal_bsp.a(alt_irq_vars.o)
                                        0x144 (size before relaxing)
 .debug_str     0x00000000000005a6      0x113 ../s4_bsp/\libhal_bsp.a(alt_load.o)
                                        0x246 (size before relaxing)
 .debug_str     0x00000000000006b9       0x8f ../s4_bsp/\libhal_bsp.a(alt_main.o)
                                        0x1bf (size before relaxing)
 .debug_str     0x0000000000000748       0x66 ../s4_bsp/\libhal_bsp.a(alt_putstr.o)
                                        0x19c (size before relaxing)
 .debug_str     0x00000000000007ae       0xb9 ../s4_bsp/\libhal_bsp.a(alt_sys_init.o)
                                        0x268 (size before relaxing)
 .debug_str     0x0000000000000867       0x2c ../s4_bsp/\libhal_bsp.a(altera_avalon_jtag_uart_write.o)
                                        0x21f (size before relaxing)
 .debug_str     0x0000000000000893       0x1f ../s4_bsp/\libhal_bsp.a(alt_dcache_flush_all.o)
                                        0x15f (size before relaxing)
 .debug_str     0x00000000000008b2       0x1f ../s4_bsp/\libhal_bsp.a(alt_icache_flush_all.o)
                                        0x15f (size before relaxing)
 .debug_str     0x00000000000008d1      0x48b ../s4_bsp/\libhal_bsp.a(alt_instruction_exception_entry.o)
                                        0x5aa (size before relaxing)
 .debug_str     0x0000000000000d5c       0x20 ../s4_bsp/\libhal_bsp.a(altera_nios2_gen2_irq.o)
                                        0x166 (size before relaxing)
 .debug_str     0x0000000000000d7c      0x13a c:/intelfpga_lite/18.1/nios2eds/bin/gnu/h-x86_64-mingw32/bin/../lib/gcc/nios2-elf/5.3.0/../../../../../H-x86_64-mingw32/nios2-elf/lib/mno-hw-mul\libsmallc.a(lib_a-strlen.o)
                                        0x1e5 (size before relaxing)

.debug_loc      0x0000000000000000      0xd23
 *(.debug_loc)
 .debug_loc     0x0000000000000000      0x2e7 obj/default/hello_world_small.o
 .debug_loc     0x00000000000002e7      0x4ce c:/intelfpga_lite/18.1/nios2eds/bin/gnu/h-x86_64-mingw32/bin/../lib/gcc/nios2-elf/5.3.0/mno-hw-mul\libgcc.a(lib2-divmod.o)
 .debug_loc     0x00000000000007b5       0x93 c:/intelfpga_lite/18.1/nios2eds/bin/gnu/h-x86_64-mingw32/bin/../lib/gcc/nios2-elf/5.3.0/mno-hw-mul\libgcc.a(lib2-mul.o)
 .debug_loc     0x0000000000000848      0x170 ../s4_bsp/\libhal_bsp.a(alt_iic.o)
 .debug_loc     0x00000000000009b8      0x193 ../s4_bsp/\libhal_bsp.a(alt_iic_isr_register.o)
 .debug_loc     0x0000000000000b4b       0x72 ../s4_bsp/\libhal_bsp.a(alt_irq_handler.o)
 .debug_loc     0x0000000000000bbd       0x37 ../s4_bsp/\libhal_bsp.a(alt_putstr.o)
 .debug_loc     0x0000000000000bf4       0x21 ../s4_bsp/\libhal_bsp.a(alt_sys_init.o)
 .debug_loc     0x0000000000000c15       0x8b ../s4_bsp/\libhal_bsp.a(altera_avalon_jtag_uart_write.o)
 .debug_loc     0x0000000000000ca0       0x65 ../s4_bsp/\libhal_bsp.a(alt_instruction_exception_entry.o)
 .debug_loc     0x0000000000000d05       0x1e c:/intelfpga_lite/18.1/nios2eds/bin/gnu/h-x86_64-mingw32/bin/../lib/gcc/nios2-elf/5.3.0/../../../../../H-x86_64-mingw32/nios2-elf/lib/mno-hw-mul\libsmallc.a(lib_a-strlen.o)

.debug_macinfo
 *(.debug_macinfo)

.debug_weaknames
 *(.debug_weaknames)

.debug_funcnames
 *(.debug_funcnames)

.debug_typenames
 *(.debug_typenames)

.debug_varnames
 *(.debug_varnames)

.debug_alt_sim_info
                0x0000000000000000       0x10
 *(.debug_alt_sim_info)
 .debug_alt_sim_info
                0x0000000000000000       0x10 ../s4_bsp//obj/HAL/src/crt0.o
                0x0000000000008000                __alt_data_end = 0x8000
                0x0000000000008000                PROVIDE (__alt_stack_pointer, __alt_data_end)
                [!provide]                        PROVIDE (__alt_stack_limit, __alt_stack_base)
                [!provide]                        PROVIDE (__alt_heap_start, end)
                [!provide]                        PROVIDE (__alt_heap_limit, 0x8000)
OUTPUT(s4.elf elf32-littlenios2)

.debug_ranges   0x0000000000000000      0x188
 .debug_ranges  0x0000000000000000       0x20 ../s4_bsp//obj/HAL/src/crt0.o
 .debug_ranges  0x0000000000000020       0x30 obj/default/hello_world_small.o
 .debug_ranges  0x0000000000000050       0x60 c:/intelfpga_lite/18.1/nios2eds/bin/gnu/h-x86_64-mingw32/bin/../lib/gcc/nios2-elf/5.3.0/mno-hw-mul\libgcc.a(lib2-divmod.o)
 .debug_ranges  0x00000000000000b0       0x28 ../s4_bsp/\libhal_bsp.a(alt_irq_entry.o)
 .debug_ranges  0x00000000000000d8       0x10 ../s4_bsp/\libhal_bsp.a(alt_irq_handler.o)
 .debug_ranges  0x00000000000000e8       0x48 ../s4_bsp/\libhal_bsp.a(alt_load.o)
 .debug_ranges  0x0000000000000130       0x30 ../s4_bsp/\libhal_bsp.a(alt_exception_entry.o)
 .debug_ranges  0x0000000000000160       0x18 ../s4_bsp/\libhal_bsp.a(alt_instruction_exception_entry.o)
 .debug_ranges  0x0000000000000178       0x10 c:/intelfpga_lite/18.1/nios2eds/bin/gnu/h-x86_64-mingw32/bin/../lib/gcc/nios2-elf/5.3.0/../../../../../H-x86_64-mingw32/nios2-elf/lib/mno-hw-mul\libsmallc.a(lib_a-strlen.o)
